// Jest Snapshot v1, https://goo.gl/fbAQLP

exports[`<Input /> should match snapshot 1`] = `
<div>
  <input
    placeholder="Buscar posts"
    type="search"
    value=""
  />
</div>
`;
